9,string indices must be integers
4,string indices must be integers
1,string indices must be integers
7,string indices must be integers
